<testsuites id="" name="" tests="1" failures="0" skipped="0" errors="0" time="20.691731">
<testsuite name="RetryTest.spec.js" timestamp="2024-07-25T08:54:10.230Z" hostname="chromium" tests="1" failures="0" skipped="0" time="18.104" errors="0">
<testcase name="test" classname="RetryTest.spec.js" time="18.104">
<system-out>
<![CDATA[Nexus 6

[[ATTACHMENT|test-results/RetryTest-test-chromium/trace.zip]]
]]>
</system-out>
</testcase>
</testsuite>
</testsuites>